<html><head><title>Invoice</title></head><body><style>table { border-collapse: collapse; width: 50%; }th, td { border: 2px double black; padding: 8px; text-align: center; }th { border: 2px double black; padding: 8px; text-align: center; background-color: #f2f2f2; }b { font-weight: bold; }.align-right { text-align: right; }.price { text-align: center; }</style><h1>Invoice</h1><p><b>Client:</b> BigCo</p><table><tr><th colspan='3'>Piece</th><th colspan='3'>Seats Sold</th><th colspan='3' class='price'>Price</th></tr><tr><td colspan='3'>Hamlet</td><td colspan='3'>55</td><td colspan='3' class='price'>$650.00</td></tr><tr><td colspan='3'>As You Like It</td><td colspan='3'>35</td><td colspan='3' class='price'>$580.00</td></tr><tr><td colspan='3'>Othello</td><td colspan='3'>40</td><td colspan='3' class='price'>$500.00</td></tr><tr><td colspan='6' class='align-right'><b >Totlowned</b></td><td colspan='3' >$1,730.00</td></tr><tr><td colspan='6' class='align-right'><b >Fidelity Points earned</b></td><td colspan='3' >47</td></tr></table><p>Payment is required under 30 days. We can break your knees if you don't do so.</p></body></html>